IP Upgrade report for AC501_SoC_GHRD
Sun Jun  9 15:00:34 2019
Quartus Prime Version 18.1.0 Build 625 09/12/2018 SJ Lite Edition


---------------------
; Table of Contents ;
---------------------
  1. Legal Notice
  2. IP Upgrade Summary
  3. Successfully Upgraded IP Components
  4. IP Upgrade Messages



----------------
; Legal Notice ;
----------------
Copyright (C) 2018  Intel Corporation. All rights reserved.
Your use of Intel Corporation's design tools, logic functions 
and other software and tools, and its AMPP partner logic 
functions, and any output files from any of the foregoing 
(including device programming or simulation files), and any 
associated documentation or information are expressly subject 
to the terms and conditions of the Intel Program License 
Subscription Agreement, the Intel Quartus Prime License Agreement,
the Intel FPGA IP License Agreement, or other applicable license
agreement, including, without limitation, that your use is for
the sole purpose of programming logic devices manufactured by
Intel and sold by Intel or its authorized distributors.  Please
refer to the applicable agreement for further details.



+----------------------------------------------------------------------------+
; IP Upgrade Summary                                                         ;
+------------------------------+---------------------------------------------+
; IP Components Upgrade Status ; Passed - Sun Jun  9 15:00:34 2019           ;
; Quartus Prime Version        ; 18.1.0 Build 625 09/12/2018 SJ Lite Edition ;
; Revision Name                ; AC501_SoC_GHRD                              ;
; Top-level Entity Name        ; AC501_SoC_GHRD                              ;
; Family                       ; Cyclone V                                   ;
+------------------------------+---------------------------------------------+


+------------------------------------------------------------------------------------------------------------------+
; Successfully Upgraded IP Components                                                                              ;
+-------------+----------------+---------+----------------------+----------------------+-----------------+---------+
; Entity Name ; Component Name ; Version ; Original Source File ; Generation File Path ; New Source File ; Message ;
+-------------+----------------+---------+----------------------+----------------------+-----------------+---------+
; vga_pll     ; altera_pll     ; 17.1    ; vga_pll.qip          ; vga_pll.v            ; vga_pll.qip     ;         ;
; soc_system  ; Qsys           ; N/A     ; soc_system.qsys      ; soc_system.qsys      ;                 ;         ;
+-------------+----------------+---------+----------------------+----------------------+-----------------+---------+


+---------------------+
; IP Upgrade Messages ;
+---------------------+
Info (11902): Backing up file "vga_pll.v" to "vga_pll.BAK.v"
Info (11837): Started upgrading IP component altera_pll with file "vga_pll.v"
Info (11902): Backing up file "soc_system.qsys" to "soc_system.BAK.qsys"
Info (11837): Started upgrading IP component Qsys with file "soc_system.qsys"
Info: 2019.06.09.15:00:34 Info: Starting to upgrade the IP cores in the Platform Designer system
Info: 2019.06.09.15:00:34 Info: Finished upgrading the ip cores
Info (11131): Completed upgrading IP component altera_pll with file "vga_pll.v"
Info (11131): Completed upgrading IP component Qsys with file "soc_system.qsys"
Info (23030): Evaluation of Tcl script /home/c/intelFPGA_lite/18.1/quartus/common/tcl/internal/ip_regen/ip_regen.tcl was successful
Info: Quartus Prime Shell was successful. 0 errors, 0 warnings
    Info: Peak virtual memory: 1071 megabytes
    Info: Processing ended: Sun Jun  9 15:00:35 2019
    Info: Elapsed time: 00:00:54
    Info: Total CPU time (on all processors): 00:02:14


